=== DIAG SESSION STARTED 2026-03-17 04:39:06 ===
TMUX_PANE=%1  nvim_pid=2337
---
04:39:09.452 HOOK:pane-focus-in                  win=@0 pane=%1 win_active=1 pane_active=1 sess_att=1 mode='' sess=$0 zoomed=0 client_sess=main
04:39:09.478 HOOK:client-session-changed         win=@0 pane=%1 win_active=1 pane_active=1 sess_att=1 mode='' sess=$0 zoomed=0 client_sess=main
04:39:10.497 HOOK:pane-focus-out                 win=@0 pane=%0 win_active=1 pane_active=1 sess_att=1 mode='' sess=$0 zoomed=0 client_sess=main
04:39:10.498 HOOK:after-select-pane              win=@0 pane=%0 win_active=1 pane_active=1 sess_att=1 mode='' sess=$0 zoomed=0 client_sess=main
04:39:10.534 HOOK:pane-focus-in                  win=@0 pane=%0 win_active=1 pane_active=1 sess_att=1 mode='' sess=$0 zoomed=0 client_sess=main
04:39:10.568 HOOK:window-pane-changed            win=@0 pane=%0 win_active=1 pane_active=1 sess_att=1 mode='' sess=$0 zoomed=0 client_sess=main
04:39:11.566 HOOK:after-select-window            win=@1 pane=%2 win_active=1 pane_active=1 sess_att=1 mode='' sess=$0 zoomed=0 client_sess=main
04:39:11.566 HOOK:pane-focus-out                 win=@1 pane=%2 win_active=1 pane_active=1 sess_att=1 mode='' sess=$0 zoomed=0 client_sess=main
04:39:11.605 HOOK:pane-focus-in                  win=@1 pane=%2 win_active=1 pane_active=1 sess_att=1 mode='' sess=$0 zoomed=0 client_sess=main
04:39:11.644 HOOK:session-window-changed         win=@1 pane=%2 win_active=1 pane_active=1 sess_att=1 mode='' sess=$0 zoomed=0 client_sess=main
04:39:12.640 HOOK:after-select-window            win=@0 pane=%0 win_active=1 pane_active=1 sess_att=1 mode='' sess=$0 zoomed=0 client_sess=main
04:39:12.641 HOOK:pane-focus-out                 win=@0 pane=%0 win_active=1 pane_active=1 sess_att=1 mode='' sess=$0 zoomed=0 client_sess=main
04:39:12.684 HOOK:pane-focus-in                  win=@0 pane=%0 win_active=1 pane_active=1 sess_att=1 mode='' sess=$0 zoomed=0 client_sess=main
04:39:12.723 HOOK:session-window-changed         win=@0 pane=%0 win_active=1 pane_active=1 sess_att=1 mode='' sess=$0 zoomed=0 client_sess=main
04:39:13.712 HOOK:after-select-pane              win=@0 pane=%1 win_active=1 pane_active=1 sess_att=1 mode='' sess=$0 zoomed=0 client_sess=main
04:39:13.716 HOOK:pane-focus-out                 win=@0 pane=%1 win_active=1 pane_active=1 sess_att=1 mode='' sess=$0 zoomed=0 client_sess=main
04:39:13.759 HOOK:pane-focus-in                  win=@0 pane=%1 win_active=1 pane_active=1 sess_att=1 mode='' sess=$0 zoomed=0 client_sess=main
04:39:13.802 HOOK:window-pane-changed            win=@0 pane=%1 win_active=1 pane_active=1 sess_att=1 mode='' sess=$0 zoomed=0 client_sess=main
